// Jest Snapshot v1, https://goo.gl/fbAQLP

exports[`NavPage snapshot nav 1`] = `
<div>
  <nav>
    <div
      className="user"
    >
      <h1>
        Dilan891
      </h1>
    </div>
    <div
      className="navegation"
    >
      <ul
        className="nav nav-tabs"
      >
        <li
          className="nav-item"
        >
          <a
            className="nav-link"
            href="/Todos"
            id="todo"
            onClick={[Function]}
            style={
              Object {
                "color": "black",
              }
            }
          >
            Todos
          </a>
        </li>
        <li
          className="nav-item"
        >
          <a
            className="nav-link"
            href="/carpetas"
            id="prueba"
            onClick={[Function]}
            style={
              Object {
                "color": "black",
              }
            }
          >
            carpetas
          </a>
        </li>
      </ul>
      <div
        className="select-var"
        style={
          Object {
            "position": "absolute",
            "visibility": "hidden",
          }
        }
      >
        <div>
          seleccionaste 
          <strong />
           
          moverlo a null
        </div>
        <button
          className="btn btn-info"
          id="b-dis"
          type="button"
        >
          Mover aqui
        </button>
        <button
          className="btn btn-info"
          onClick={[Function]}
          type="button"
        >
          X
        </button>
      </div>
    </div>
  </nav>
</div>
`;
